Traceback (most recent call last):
  File "/opt/homebrew/lib/python3.9/site-packages/jupyter_cache/executors/utils.py", line 51, in single_nb_execution
    executenb(
  File "/opt/homebrew/lib/python3.9/site-packages/nbclient/client.py", line 1204, in execute
    return NotebookClient(nb=nb, resources=resources, km=km, **kwargs).execute()
  File "/opt/homebrew/lib/python3.9/site-packages/nbclient/util.py", line 84, in wrapped
    return just_run(coro(*args, **kwargs))
  File "/opt/homebrew/lib/python3.9/site-packages/nbclient/util.py", line 62, in just_run
    return loop.run_until_complete(coro)
  File "/opt/homebrew/Cellar/python@3.9/3.9.13_1/Frameworks/Python.framework/Versions/3.9/lib/python3.9/asyncio/base_events.py", line 647, in run_until_complete
    return future.result()
  File "/opt/homebrew/lib/python3.9/site-packages/nbclient/client.py", line 663, in async_execute
    await self.async_execute_cell(
  File "/opt/homebrew/lib/python3.9/site-packages/nbclient/client.py", line 965, in async_execute_cell
    await self._check_raise_for_error(cell, cell_index, exec_reply)
  File "/opt/homebrew/lib/python3.9/site-packages/nbclient/client.py", line 862, in _check_raise_for_error
    raise CellExecutionError.from_cell_and_msg(cell, exec_reply_content)
nbclient.exceptions.CellExecutionError: An error occurred while executing the following cell:
------------------
1. Show that for any p.s.d. and symmetric matrix $Q\in\mathbb{R}^{d\times d},\ Q^\top=Q$ the function $f(\vvec{x})=\vvec{x}^\top Q\vvec{x}$ is convex. Recall that a positive semidefinite matrix (p.s.d.) $Q$ satisfies $\vvec{x}^\top Q\vvec{x}\geq 0$ for all $\vvec{x}\in\mathbb{R}^d.$
    ````{toggle}
        The proof is very similar to the one showing that $\lVert\vvec{x}\rVert^2=\vvec{x}^\top I\vvec{x}$ is convex. Let $\alpha\in[0,1]$, then the definition of a convex function
$$f(\alpha\vvec{x}+(1-\alpha)\vvec{z})\leq \alpha f(\vvec{x})+(1-\alpha)f(\vvec{z})$$
    is satisfied for the function above if
    \begin{align*}
    (\alpha\vvec{x}+(1-\alpha)\vvec{z})^\top Q(\alpha\vvec{x}+(1-\alpha)\vvec{z})
    &= \alpha^2\vvec{x}^\top Q\vvec{x} +2\alpha(1-\alpha)\vvec{x}^\top Q\vvec{z} +(1-\alpha)^2\vvec{z}^\top Q\vvec{z}\\
    &\leq \alpha\vvec{x}^\top Q\vvec{x} +(1-\alpha)\vvec{z}^\top Q\vvec{z}.
    \end{align*}
    We subtract the terms on the left side of that equation and get
    \begin{align*}
    \alpha (1-\alpha) \vvec{x}^\top Q\vvec{x} -2\alpha(1-\alpha)\vvec{z}^\top Q\vvec{x}+\alpha(1-\alpha)\vvec{z}^\top Q\vvec{z}&\geq 0\\
    \Leftrightarrow \quad \vvec{x}^\top Q\vvec{x} -2\vvec{z}^\top Q\vvec{x}+\vvec{z}^\top Q\vvec{z}&\geq 0\\
    \Leftrightarrow \quad (\vvec{x}-\vvec{z})^\top Q(\vvec{x}-\vvec{z})&\geq 0.
    \end{align*}
    The equation above is always true, because $Q$ is p.s.d.
    ````
------------------

[0;36m  Input [0;32mIn [2][0;36m[0m
[0;31m    1. Show that for any p.s.d. and symmetric matrix $Q\in\mathbb{R}^{d\times d},\ Q^\top=Q$ the function $f(\vvec{x})=\vvec{x}^\top Q\vvec{x}$ is convex. Recall that a positive semidefinite matrix (p.s.d.) $Q$ satisfies $\vvec{x}^\top Q\vvec{x}\geq 0$ for all $\vvec{x}\in\mathbb{R}^d.$[0m
[0m       ^[0m
[0;31mSyntaxError[0m[0;31m:[0m invalid syntax

SyntaxError: invalid syntax (1511610182.py, line 1)

