Traceback (most recent call last):
  File "/opt/homebrew/lib/python3.9/site-packages/jupyter_cache/executors/utils.py", line 51, in single_nb_execution
    executenb(
  File "/opt/homebrew/lib/python3.9/site-packages/nbclient/client.py", line 1204, in execute
    return NotebookClient(nb=nb, resources=resources, km=km, **kwargs).execute()
  File "/opt/homebrew/lib/python3.9/site-packages/nbclient/util.py", line 84, in wrapped
    return just_run(coro(*args, **kwargs))
  File "/opt/homebrew/lib/python3.9/site-packages/nbclient/util.py", line 62, in just_run
    return loop.run_until_complete(coro)
  File "/opt/homebrew/Cellar/python@3.9/3.9.13_1/Frameworks/Python.framework/Versions/3.9/lib/python3.9/asyncio/base_events.py", line 647, in run_until_complete
    return future.result()
  File "/opt/homebrew/lib/python3.9/site-packages/nbclient/client.py", line 663, in async_execute
    await self.async_execute_cell(
  File "/opt/homebrew/lib/python3.9/site-packages/nbclient/client.py", line 965, in async_execute_cell
    await self._check_raise_for_error(cell, cell_index, exec_reply)
  File "/opt/homebrew/lib/python3.9/site-packages/nbclient/client.py", line 862, in _check_raise_for_error
    raise CellExecutionError.from_cell_and_msg(cell, exec_reply_content)
nbclient.exceptions.CellExecutionError: An error occurred while executing the following cell:
------------------
# gradient descent computations for the image
import numpy as np
def f(x):
    return 2*x[0]**2 + 2*x[0]*x[1] + 2*x[1]**2


def grad(x):
    return np.array([
        4*x[0] + 2*x[1],
        2*x[0] + 4*x[1]
    ])
x_t = np.array([-2,3.65])
eta=0.1
xmin,xmax=-1,3
print("t={}, x_t=({:.2f},{:.2f}), f(x_t)={:.2f}".format(t+1,x_t[0],x_t[1],f(x_t)))
    
#Perform t_max Iterations
for t in range(10):
    x_t = x_t -eta * grad(x_t)
    print("t={}, x_t=({:.2f},{:.2f}), f(x_t)={:.2f}".format(t+1,x_t[0],x_t[1],f(x_t)))
------------------

[0;31m---------------------------------------------------------------------------[0m
[0;31mNameError[0m                                 Traceback (most recent call last)
Input [0;32mIn [7][0m, in [0;36m<cell line: 15>[0;34m()[0m
[1;32m     13[0m eta[38;5;241m=[39m[38;5;241m0.1[39m
[1;32m     14[0m xmin,xmax[38;5;241m=[39m[38;5;241m-[39m[38;5;241m1[39m,[38;5;241m3[39m
[0;32m---> 15[0m [38;5;28mprint[39m([38;5;124m"[39m[38;5;124mt=[39m[38;5;132;01m{}[39;00m[38;5;124m, x_t=([39m[38;5;132;01m{:.2f}[39;00m[38;5;124m,[39m[38;5;132;01m{:.2f}[39;00m[38;5;124m), f(x_t)=[39m[38;5;132;01m{:.2f}[39;00m[38;5;124m"[39m[38;5;241m.[39mformat([43mt[49m[38;5;241m+[39m[38;5;241m1[39m,x_t[[38;5;241m0[39m],x_t[[38;5;241m1[39m],f(x_t)))
[1;32m     17[0m [38;5;66;03m#Perform t_max Iterations[39;00m
[1;32m     18[0m [38;5;28;01mfor[39;00m t [38;5;129;01min[39;00m [38;5;28mrange[39m([38;5;241m10[39m):

[0;31mNameError[0m: name 't' is not defined
NameError: name 't' is not defined

